===== phase-c-policy :: packages/admin/policy-publish.test.ts =====
RESULT=PASS
TAP version 13
# Subtest: draft and validation never mutate the active policy
ok 1 - draft and validation never mutate the active policy
  ---
  duration_ms: 1.8195
  type: 'test'
  ...
# Subtest: publish creates immutable published policy but does not activate runtime
ok 2 - publish creates immutable published policy but does not activate runtime
  ---
  duration_ms: 119.091198
  type: 'test'
  ...
# Subtest: activation is explicit permissioned and expected-active CAS protected
ok 3 - activation is explicit permissioned and expected-active CAS protected
  ---
  duration_ms: 1.141961
  type: 'test'
  ...
# Subtest: publish requires permission validated draft and expected active version
ok 4 - publish requires permission validated draft and expected active version
  ---
  duration_ms: 0.509876
  type: 'test'
  ...
# Subtest: publish replay is idempotent and conflicting replay fails
ok 5 - publish replay is idempotent and conflicting replay fails
  ---
  duration_ms: 0.42617
  type: 'test'
  ...
# Subtest: snapshot restore survives authority restart including active audit and idempotency
ok 6 - snapshot restore survives authority restart including active audit and idempotency
  ---
  duration_ms: 2.050454
  type: 'test'
  ...
# Subtest: invalid policy cannot publish
ok 7 - invalid policy cannot publish
  ---
  duration_ms: 0.3199
  type: 'test'
  ...
# Subtest: rollback activates a previously published immutable snapshot without rewriting history
ok 8 - rollback activates a previously published immutable snapshot without rewriting history
  ---
  duration_ms: 0.546464
  type: 'test'
  ...
# Subtest: external authorization hook is authoritative and caller permissions cannot bypass it
ok 9 - external authorization hook is authoritative and caller permissions cannot bypass it
  ---
  duration_ms: 0.511328
  type: 'test'
  ...
1..9
# tests 9
# suites 0
# pass 9
# fail 0
# cancelled 0
# skipped 0
# todo 0
# duration_ms 368.90097

===== phase-c-durable-authority :: packages/admin/policy-durable-authority.test.ts =====
RESULT=PASS
TAP version 13
# Subtest: durable policy authority restores active policy and audit across restart
ok 1 - durable policy authority restores active policy and audit across restart
  ---
  duration_ms: 18.112677
  type: 'test'
  ...
# Subtest: durable policy authority preserves idempotency replay across restart
ok 2 - durable policy authority preserves idempotency replay across restart
  ---
  duration_ms: 1.767434
  type: 'test'
  ...
# Subtest: durable policy authority fails closed when checkpoint CAS is stale
ok 3 - durable policy authority fails closed when checkpoint CAS is stale
  ---
  duration_ms: 0.545623
  type: 'test'
  ...
1..3
# tests 3
# suites 0
# pass 3
# fail 0
# cancelled 0
# skipped 0
# todo 0
# duration_ms 138.248585

===== phase-c-durability :: packages/durability/durability.test.ts =====
RESULT=PASS
TAP version 13
# Subtest: durability rejects an adapter that cannot look up acknowledged outbox identity
ok 1 - durability rejects an adapter that cannot look up acknowledged outbox identity
  ---
  duration_ms: 1.200782
  type: 'test'
  ...
# Subtest: checkpoint save uses revision CAS and fails closed on stale writer
ok 2 - checkpoint save uses revision CAS and fails closed on stale writer
  ---
  duration_ms: 0.598803
  type: 'test'
  ...
# Subtest: restore returns opaque checkpoint payload and never interprets business status
ok 3 - restore returns opaque checkpoint payload and never interprets business status
  ---
  duration_ms: 0.891261
  type: 'test'
  ...
# Subtest: schema mismatch fails closed rather than guessing migration
ok 4 - schema mismatch fails closed rather than guessing migration
  ---
  duration_ms: 0.281849
  type: 'test'
  ...
# Subtest: outbox survives until explicit acknowledgement and identical enqueue is idempotent
ok 5 - outbox survives until explicit acknowledgement and identical enqueue is idempotent
  ---
  duration_ms: 8.080822
  type: 'test'
  ...
# Subtest: acknowledged outbox cannot resurrect as pending after coordinator restart
ok 6 - acknowledged outbox cannot resurrect as pending after coordinator restart
  ---
  duration_ms: 0.361237
  type: 'test'
  ...
# Subtest: conflicting outbox identity fails instead of overwriting durable side-effect intent
ok 7 - conflicting outbox identity fails instead of overwriting durable side-effect intent
  ---
  duration_ms: 0.395823
  type: 'test'
  ...
1..7
# tests 7
# suites 0
# pass 7
# fail 0
# cancelled 0
# skipped 0
# todo 0
# duration_ms 119.03996

===== phase-c-firebase :: packages/durability/firebase-rtdb-durability.test.ts =====
RESULT=PASS
TAP version 13
# Subtest: Firebase durability requires HTTPS and an RTDB host
ok 1 - Firebase durability requires HTTPS and an RTDB host
  ---
  duration_ms: 1.516474
  type: 'test'
  ...
# Subtest: checkpoint save uses Firebase ETag CAS and reports stale revision
ok 2 - checkpoint save uses Firebase ETag CAS and reports stale revision
  ---
  duration_ms: 81.209683
  type: 'test'
  ...
# Subtest: outbox create is idempotent, conflicting identity fails, and acknowledgement persists
ok 3 - outbox create is idempotent, conflicting identity fails, and acknowledgement persists
  ---
  duration_ms: 11.35414
  type: 'test'
  ...
# Subtest: empty Firebase bearer token fails closed
ok 4 - empty Firebase bearer token fails closed
  ---
  duration_ms: 0.313037
  type: 'test'
  ...
1..4
# tests 4
# suites 0
# pass 4
# fail 0
# cancelled 0
# skipped 0
# todo 0
# duration_ms 198.139214

===== phase-c-runtime :: packages/runtime/admin-policy-runtime.test.ts =====
RESULT=PASS
TAP version 13
# Subtest: Admin runtime publish delegates canonical Authority and never auto-activates
ok 1 - Admin runtime publish delegates canonical Authority and never auto-activates
  ---
  duration_ms: 13.218916
  type: 'test'
  ...
# Subtest: Admin runtime projects canonical rejection without inventing success
ok 2 - Admin runtime projects canonical rejection without inventing success
  ---
  duration_ms: 1.262376
  type: 'test'
  ...
# Subtest: Admin runtime rollback delegates canonical rollback and updates active projection
ok 3 - Admin runtime rollback delegates canonical rollback and updates active projection
  ---
  duration_ms: 1.201213
  type: 'test'
  ...
1..3
# tests 3
# suites 0
# pass 3
# fail 0
# cancelled 0
# skipped 0
# todo 0
# duration_ms 119.697901

===== phase-c-http :: packages/runtime/admin-policy-http.test.ts =====
RESULT=PASS
TAP version 13
# Subtest: Admin policy HTTP transport rejects missing and invalid staff session
ok 1 - Admin policy HTTP transport rejects missing and invalid staff session
  ---
  duration_ms: 30.967727
  type: 'test'
  ...
# Subtest: canonical Policy Authority remains the permission authority behind HTTP
ok 2 - canonical Policy Authority remains the permission authority behind HTTP
  ---
  duration_ms: 4.350688
  type: 'test'
  ...
# Subtest: HTTP lifecycle persists through durable authority and active read is canonical
ok 3 - HTTP lifecycle persists through durable authority and active read is canonical
  ---
  duration_ms: 12.492274
  type: 'test'
  ...
# Subtest: stale active-version command is projected as HTTP 409, never success
ok 4 - stale active-version command is projected as HTTP 409, never success
  ---
  duration_ms: 5.632541
  type: 'test'
  ...
# Subtest: invalid JSON fails closed with 400
ok 5 - invalid JSON fails closed with 400
  ---
  duration_ms: 0.755106
  type: 'test'
  ...
1..5
# tests 5
# suites 0
# pass 5
# fail 0
# cancelled 0
# skipped 0
# todo 0
# duration_ms 180.146137

===== phase-c-http-client :: packages/runtime/admin-policy-http-client.test.ts =====
RESULT=PASS
TAP version 13
# Subtest: HTTP Admin runtime sends authenticated publish command and projects canonical response
ok 1 - HTTP Admin runtime sends authenticated publish command and projects canonical response
  ---
  duration_ms: 32.697472
  type: 'test'
  ...
# Subtest: HTTP Admin runtime projects server CAS conflict as rejected and does not mutate snapshot
ok 2 - HTTP Admin runtime projects server CAS conflict as rejected and does not mutate snapshot
  ---
  duration_ms: 0.976952
  type: 'test'
  ...
# Subtest: HTTP Admin runtime updates active projection only from canonical rollback response
ok 3 - HTTP Admin runtime updates active projection only from canonical rollback response
  ---
  duration_ms: 0.741009
  type: 'test'
  ...
# Subtest: HTTP Admin runtime fails closed on missing token, invalid response, and insecure remote URL
ok 4 - HTTP Admin runtime fails closed on missing token, invalid response, and insecure remote URL
  ---
  duration_ms: 1.197134
  type: 'test'
  ...
1..4
# tests 4
# suites 0
# pass 4
# fail 0
# cancelled 0
# skipped 0
# todo 0
# duration_ms 142.64959

===== phase-c-worker :: infra/cloudflare/admin-policy-worker/worker.test.ts =====
RESULT=PASS
TAP version 13
# Subtest: Worker handles trusted CORS preflight and rejects untrusted Origin before routing
ok 1 - Worker handles trusted CORS preflight and rejects untrusted Origin before routing
  ---
  duration_ms: 32.871365
  type: 'test'
  ...
# Subtest: Worker health is non-authoritative and method gate fails closed
ok 2 - Worker health is non-authoritative and method gate fails closed
  ---
  duration_ms: 2.562404
  type: 'test'
  ...
# Subtest: Worker routes authenticated mutation into durable Canonical Policy Authority
ok 3 - Worker routes authenticated mutation into durable Canonical Policy Authority
  ---
  duration_ms: 12.838353
  type: 'test'
  ...
# Subtest: Worker requires at least one HTTPS allowed Origin
ok 4 - Worker requires at least one HTTPS allowed Origin
  ---
  duration_ms: 0.524754
  type: 'test'
  ...
1..4
# tests 4
# suites 0
# pass 4
# fail 0
# cancelled 0
# skipped 0
# todo 0
# duration_ms 178.425048

