SOURCE_SHA=5c73cbdd285e5e71022bfeb8dcbff55c558217d2
workflow=STARTED
exact_source=PASS
staff_auth_tests=STARTED
TAP version 13
# Subtest: Owner rule: staff code and PIN are numeric only and each 3-6 digits
ok 1 - Owner rule: staff code and PIN are numeric only and each 3-6 digits
  ---
  duration_ms: 24.144818
  type: 'test'
  ...
# Subtest: Admin configures unique staff code + PIN; correct login returns canonical staff identity and no plaintext PIN is durable
ok 2 - Admin configures unique staff code + PIN; correct login returns canonical staff identity and no plaintext PIN is durable
  ---
  duration_ms: 14.452333
  type: 'test'
  ...
# Subtest: inactive staff cannot login; re-enable restores same credential; existing session is revalidated against canonical Staff status
ok 3 - inactive staff cannot login; re-enable restores same credential; existing session is revalidated against canonical Staff status
  ---
  duration_ms: 7.271244
  type: 'test'
  ...
# Subtest: logout revokes the opaque session reference without storing the raw session token
ok 4 - logout revokes the opaque session reference without storing the raw session token
  ---
  duration_ms: 4.354526
  type: 'test'
  ...
1..4
# tests 4
# suites 0
# pass 4
# fail 0
# cancelled 0
# skipped 0
# todo 0
# duration_ms 191.586374
TAP version 13
# Subtest: Admin can configure role, staff, code+PIN; SMT login returns canonical session identity
ok 1 - Admin can configure role, staff, code+PIN; SMT login returns canonical session identity
  ---
  duration_ms: 70.817405
  type: 'test'
  ...
# Subtest: Admin inactive immediately blocks both new login and existing session; re-enable restores same code/PIN
ok 2 - Admin inactive immediately blocks both new login and existing session; re-enable restores same code/PIN
  ---
  duration_ms: 9.64208
  type: 'test'
  ...
# Subtest: Admin staff management is owner-authenticated and login fails closed for malformed or wrong credentials
ok 3 - Admin staff management is owner-authenticated and login fails closed for malformed or wrong credentials
  ---
  duration_ms: 0.911556
  type: 'test'
  ...
1..3
# tests 3
# suites 0
# pass 3
# fail 0
# cancelled 0
# skipped 0
# todo 0
# duration_ms 198.751695
TAP version 13
# Subtest: durable Staff journal restores roles, staff status, permissions and audit across restart
ok 1 - durable Staff journal restores roles, staff status, permissions and audit across restart
  ---
  duration_ms: 12.219082
  type: 'test'
  ...
# Subtest: durable Staff journal preserves canonical idempotency and CAS semantics after restart
ok 2 - durable Staff journal preserves canonical idempotency and CAS semantics after restart
  ---
  duration_ms: 2.228024
  type: 'test'
  ...
# Subtest: durable Staff authority fails closed if configured root actor set differs from checkpoint
ok 3 - durable Staff authority fails closed if configured root actor set differs from checkpoint
  ---
  duration_ms: 0.500705
  type: 'test'
  ...
1..3
# tests 3
# suites 0
# pass 3
# fail 0
# cancelled 0
# skipped 0
# todo 0
# duration_ms 147.249751
TAP version 13
# Subtest: Worker handles trusted CORS preflight and rejects untrusted Origin before routing
ok 1 - Worker handles trusted CORS preflight and rejects untrusted Origin before routing
  ---
  duration_ms: 48.98456
  type: 'test'
  ...
# Subtest: Worker health advertises Policy, Catalog and Availability capabilities and method gate fails closed
ok 2 - Worker health advertises Policy, Catalog and Availability capabilities and method gate fails closed
  ---
  duration_ms: 2.047555
  type: 'test'
  ...
# Subtest: Worker mounts canonical Availability route beside Policy and Catalog
ok 3 - Worker mounts canonical Availability route beside Policy and Catalog
  ---
  duration_ms: 1.108778
  type: 'test'
  ...
# Subtest: Worker routes authenticated and Staff-authorized mutation into durable Canonical Policy Authority
ok 4 - Worker routes authenticated and Staff-authorized mutation into durable Canonical Policy Authority
  ---
  duration_ms: 4.957203
  type: 'test'
  ...
# Subtest: Worker mounts authenticated durable Catalog routes beside Policy routes
ok 5 - Worker mounts authenticated durable Catalog routes beside Policy routes
  ---
  duration_ms: 4.658618
  type: 'test'
  ...
# Subtest: Worker cannot publish merely because the session actor is authenticated
ok 6 - Worker cannot publish merely because the session actor is authenticated
  ---
  duration_ms: 2.007866
  type: 'test'
  ...
# Subtest: Worker requires at least one HTTPS allowed Origin
ok 7 - Worker requires at least one HTTPS allowed Origin
  ---
  duration_ms: 0.512181
  type: 'test'
  ...
1..7
# tests 7
# suites 0
# pass 7
# fail 0
# cancelled 0
# skipped 0
# todo 0
# duration_ms 306.947561
TAP version 13
# Subtest: single-owner production composition routes authenticated durable publish through real adapters
ok 1 - single-owner production composition routes authenticated durable publish through real adapters
  ---
  duration_ms: 108.759818
  type: 'test'
  ...
# Subtest: single-owner production composition rejects an unknown bearer token
ok 2 - single-owner production composition rejects an unknown bearer token
  ---
  duration_ms: 18.969002
  type: 'test'
  ...
# Subtest: production composition rejects malformed policy envelope before publish
ok 3 - production composition rejects malformed policy envelope before publish
  ---
  duration_ms: 12.912674
  type: 'test'
  ...
# Subtest: production composition validates repo identity, environment, origins and owner token
ok 4 - production composition validates repo identity, environment, origins and owner token
  ---
  duration_ms: 12.17724
  type: 'test'
  ...
1..4
# tests 4
# suites 0
# pass 4
# fail 0
# cancelled 0
# skipped 0
# todo 0
# duration_ms 345.163
staff_auth_tests=PASS
admin_web=STARTED

added 121 packages in 15s

> @morefunos/admin-web@0.1.0-d104 test
> vitest run


[1m[30m[46m RUN [49m[39m[22m [36mv4.1.10 [39m[90m/home/runner/work/morefunos-v1-builder/morefunos-v1-builder/source/apps/admin-web[39m

 [32m✓[39m src/availability-http-client.vitest.test.ts [2m([22m[2m5 tests[22m[2m)[22m[32m 78[2mms[22m[39m
 [32m✓[39m src/functional-product-editor.vitest.test.tsx [2m([22m[2m3 tests[22m[2m)[22m[33m 1386[2mms[22m[39m
     [33m[2m✓[22m[39m blocks direct_add when a required configurator rule exists [33m 675[2mms[22m[39m
     [33m[2m✓[22m[39m reads active Catalog, preserves unrelated entries, then creates + validates a formal draft [33m 359[2mms[22m[39m
     [33m[2m✓[22m[39m does not fake formal save when Catalog HTTP fails [33m 350[2mms[22m[39m
 [32m✓[39m src/functional-options-editor.vitest.test.tsx [2m([22m[2m4 tests[22m[2m)[22m[33m 1468[2mms[22m[39m
     [33m[2m✓[22m[39m supports real option CRUD instead of visual-only rows [33m 663[2mms[22m[39m
     [33m[2m✓[22m[39m portion mode is real state and requires the normal level [33m 306[2mms[22m[39m
 [32m✓[39m src/interaction-controller.vitest.test.tsx [2m([22m[2m12 tests[22m[2m)[22m[33m 2284[2mms[22m[39m
     [33m[2m✓[22m[39m navigates between Admin routes after zh-HK localization [33m 712[2mms[22m[39m
     [33m[2m✓[22m[39m search, notifications, and profile controls open compatibility panels [33m 346[2mms[22m[39m
 [32m✓[39m src/functional-channel-visibility-editor.vitest.test.tsx [2m([22m[2m2 tests[22m[2m)[22m[33m 559[2mms[22m[39m
     [33m[2m✓[22m[39m safe-merges one product channel eligibility and visibility into validated Catalog + Business Policy drafts [33m 367[2mms[22m[39m
 [32m✓[39m src/functional-dine-in-settings.vitest.test.tsx [2m([22m[2m3 tests[22m[2m)[22m[33m 1007[2mms[22m[39m
     [33m[2m✓[22m[39m loads canonical table topology, derives table count, and saves a validated Store Settings draft without overwriting unrelated settings [33m 715[2mms[22m[39m
 [32m✓[39m src/functional-pricing-editor.vitest.test.tsx [2m([22m[2m3 tests[22m[2m)[22m[33m 540[2mms[22m[39m
     [33m[2m✓[22m[39m reads canonical product prices and saves one product as a validated Business Policy draft without overwriting unrelated policy [33m 386[2mms[22m[39m
 [32m✓[39m src/functional-print-settings.vitest.test.tsx [2m([22m[2m3 tests[22m[2m)[22m[33m 511[2mms[22m[39m
     [33m[2m✓[22m[39m loads canonical print routing and saves validated semantic routing draft [33m 380[2mms[22m[39m
 [32m✓[39m src/functional-staff-login-settings.vitest.test.tsx [2m([22m[2m3 tests[22m[2m)[22m[33m 433[2mms[22m[39m
 [32m✓[39m src/functional-availability-editor.vitest.test.tsx [2m([22m[2m3 tests[22m[2m)[22m[33m 674[2mms[22m[39m
     [33m[2m✓[22m[39m loads real canonical nodes and marks a selected node sold out with revision protection [33m 401[2mms[22m[39m
 [32m✓[39m src/functional-port-exposure.vitest.test.tsx [2m([22m[2m3 tests[22m[2m)[22m[33m 517[2mms[22m[39m
     [33m[2m✓[22m[39m replaces fake Port Exposure content with canonical active-policy projection [33m 402[2mms[22m[39m
 [32m✓[39m src/functional-overview.vitest.test.tsx [2m([22m[2m3 tests[22m[2m)[22m[33m 327[2mms[22m[39m
 [32m✓[39m src/functional-operations-timing.vitest.test.tsx [2m([22m[2m2 tests[22m[2m)[22m[33m 319[2mms[22m[39m
     [33m[2m✓[22m[39m loads canonical timing and saves a validated Store Settings draft [33m 301[2mms[22m[39m
 [32m✓[39m src/store-settings-http-client.vitest.test.ts [2m([22m[2m3 tests[22m[2m)[22m[32m 39[2mms[22m[39m
 [32m✓[39m src/business-policy-http-client.vitest.test.ts [2m([22m[2m3 tests[22m[2m)[22m[32m 55[2mms[22m[39m
 [32m✓[39m src/functional-business-day-control.vitest.test.tsx [2m([22m[2m2 tests[22m[2m)[22m[33m 342[2mms[22m[39m
     [33m[2m✓[22m[39m loads live Business Day state and pauses intake through canonical HTTP [33m 320[2mms[22m[39m
 [32m✓[39m src/runtime-port.vitest.test.ts [2m([22m[2m3 tests[22m[2m)[22m[32m 11[2mms[22m[39m
 [32m✓[39m src/functional-shell.vitest.test.tsx [2m([22m[2m4 tests[22m[2m)[22m[33m 1091[2mms[22m[39m
     [33m[2m✓[22m[39m uses real anchor destinations for all five mobile navigation entries [33m 315[2mms[22m[39m
     [33m[2m✓[22m[39m opens a native search panel with real page destinations [33m 352[2mms[22m[39m
 [32m✓[39m src/App.vitest.test.tsx [2m([22m[2m12 tests[22m[2m)[22m[33m 1453[2mms[22m[39m
     [33m[2m✓[22m[39m renders /admin/overview as Overview with its reference anchor [33m 362[2mms[22m[39m
 [32m✓[39m src/zh-hk-localization.vitest.test.tsx [2m([22m[2m1 test[22m[2m)[22m[33m 331[2mms[22m[39m
     [33m[2m✓[22m[39m renders the Publish screen in Traditional Chinese instead of the English draft copy [33m 330[2mms[22m[39m

[2m Test Files [22m [1m[32m20 passed[39m[22m[90m (20)[39m
[2m      Tests [22m [1m[32m77 passed[39m[22m[90m (77)[39m
[2m   Start at [22m 12:09:20
[2m   Duration [22m 16.70s[2m (transform 1.31s, setup 0ms, import 12.51s, tests 13.43s, environment 18.46s)[22m


> @morefunos/admin-web@0.1.0-d104 build
> tsc -b && vite build

src/functional-staff-login-settings.vitest.test.tsx(14,5): error TS2741: Property 'connected' is missing in type '{ activePolicyVersion: null; latestPublishedPolicyVersion: null; draftId: null; draftStatus: null; validation: { ok: boolean; issues: never[]; }; lastAction: null; lastError: null; }' but required in type 'AdminRuntimeSnapshot'.
